setting_ok	true	width=960000	height=960000	tps=60	champ_radius=10000	visible=130000

===== §O7C-A  TutorialType 9종 술어 전수 =====
tag	name		epic	serpen	top_min	mid_min	bot_min	player_count
0	None	true	true	true	true	true	5
1	First	false	false	false	false	true	2
2	TopSolo	false	false	true	false	false	1
3	Bottom	false	false	false	false	true	2
4	MidSolo	false	false	false	true	false	1
5	MidBottom	false	true	false	true	true	3
6	JungleOnly	false	false	false	false	false	1
7	Line	true	true	true	true	true	4
8	Total	true	true	true	true	true	5
allow	epic=[0, 7, 8]	serpen=[0, 5, 7, 8]	top_minion=[0, 2, 7, 8]	mid_minion=[0, 4, 5, 7, 8]	bottom_minion=[0, 1, 3, 5, 7, 8]

===== §O7C-B  rule_scope::position_exists (tutorial 9 × pos 5) =====
tut	Top	Jungle	Mid	Bottom	Support
0	true	true	true	true	true
1	false	false	false	true	true
2	true	false	false	false	false
3	false	false	false	true	true
4	false	false	true	false	false
5	false	false	true	true	true
6	false	true	false	false	false
7	true	false	true	true	true
8	true	true	true	true	true
allow	Top	[0, 2, 7, 8]
allow	Jungle	[0, 6, 8]
allow	Mid	[0, 4, 5, 7, 8]
allow	Bottom	[0, 1, 3, 5, 7, 8]
allow	Support	[0, 1, 3, 5, 7, 8]

===== §O7C-C  rule_scope::chat_allowed (Chat 0..=56 × tutorial 9) =====
chat	tut0..8 (T=허용)
0	TTTTTTTTT	무조건 허용
1	T.T....TT	
2	T.T....TT	
3	TTTTTTTTT	무조건 허용
4	TTTTTTTTT	무조건 허용
5	T.T....TT	
6	TTTTTTTTT	무조건 허용
7	TTTTTTTTT	무조건 허용
8	T.T....TT	
9	T.T....TT	
10	T.T....TT	
11	T.T....TT	
12	T.T....TT	
13	T.T....TT	
14	T.T....TT	
15	TTTTTTTTT	무조건 허용
16	TTTTTTTTT	무조건 허용
17	TTTTTTTTT	무조건 허용
18	T.....T.T	
19	TTTTTTTTT	무조건 허용
20	T......TT	
21	T......TT	
22	T......TT	
23	TTTTTTTTT	무조건 허용
24	T....T.TT	
25	T....T.TT	
26	T....T.TT	
27	T....T.TT	
28	T....T.TT	
29	T....T.TT	
30	T....T.TT	
31	T....T.TT	
32	T....T.TT	
33	T......TT	
34	T......TT	
35	T......TT	
36	T......TT	
37	T......TT	
38	T......TT	
39	T......TT	
40	T......TT	
41	T......TT	
42	T.T....TT	
43	TTTTTTTTT	무조건 허용
44	T.T....TT	
45	T.T....TT	
46	T.T....TT	
47	T......TT	
48	T......TT	
49	T......TT	
50	T.T....TT	
51	TTTTTTTTT	무조건 허용
52	TTTTTTTTT	무조건 허용
53	TTTTTTTTT	무조건 허용
54	TTTTTTTTT	무조건 허용
55	T.T....TT	
56	TTTTTTTTT	무조건 허용
always_allowed_tags	16/57
blocked_in_tut0	[]
blocked_in_tut1	[1, 2, 5, 8, 9, 10, 11, 12, 13, 14, 18, 20, 21, 22, 24, 25, 26, 27, 28, 29, 30, 31, 32, 33, 34, 35, 36, 37, 38, 39, 40, 41, 42, 44, 45, 46, 47, 48, 49, 50, 55]
blocked_in_tut2	[18, 20, 21, 22, 24, 25, 26, 27, 28, 29, 30, 31, 32, 33, 34, 35, 36, 37, 38, 39, 40, 41, 47, 48, 49]
blocked_in_tut3	[1, 2, 5, 8, 9, 10, 11, 12, 13, 14, 18, 20, 21, 22, 24, 25, 26, 27, 28, 29, 30, 31, 32, 33, 34, 35, 36, 37, 38, 39, 40, 41, 42, 44, 45, 46, 47, 48, 49, 50, 55]
blocked_in_tut4	[1, 2, 5, 8, 9, 10, 11, 12, 13, 14, 18, 20, 21, 22, 24, 25, 26, 27, 28, 29, 30, 31, 32, 33, 34, 35, 36, 37, 38, 39, 40, 41, 42, 44, 45, 46, 47, 48, 49, 50, 55]
blocked_in_tut5	[1, 2, 5, 8, 9, 10, 11, 12, 13, 14, 18, 20, 21, 22, 33, 34, 35, 36, 37, 38, 39, 40, 41, 42, 44, 45, 46, 47, 48, 49, 50, 55]
blocked_in_tut6	[1, 2, 5, 8, 9, 10, 11, 12, 13, 14, 20, 21, 22, 24, 25, 26, 27, 28, 29, 30, 31, 32, 33, 34, 35, 36, 37, 38, 39, 40, 41, 42, 44, 45, 46, 47, 48, 49, 50, 55]
blocked_in_tut7	[18]
blocked_in_tut8	[]

===== §O7C-D  PlayCall(47)/PlayPropose(49)/GankPlan(50) 코드 바이트 스윕 =====
(tutorial 을 Line(7) 로 고정 — 일반경기 None 은 대부분 무조건 허용이라 게이트가 안 보인다)
tag47	None	byte+1[0..7]=TTTTTTTT	byte+2[0..7]=TTTTTTTT
tag47	Line	byte+1[0..7]=TTTTTTTT	byte+2[0..7]=TTTTTTTT
tag47	Total	byte+1[0..7]=TTTTTTTT	byte+2[0..7]=TTTTTTTT
tag47	TopSolo	byte+1[0..7]=..T..TTT	byte+2[0..7]=........
tag47	JungleOnly	byte+1[0..7]=........	byte+2[0..7]=........
tag48	None	byte+1[0..7]=TTTTTTTT	byte+2[0..7]=TTTTTTTT
tag48	Line	byte+1[0..7]=TTTTTTTT	byte+2[0..7]=TTTTTTTT
tag48	Total	byte+1[0..7]=TTTTTTTT	byte+2[0..7]=TTTTTTTT
tag48	TopSolo	byte+1[0..7]=..T..TTT	byte+2[0..7]=........
tag48	JungleOnly	byte+1[0..7]=........	byte+2[0..7]=........
tag49	None	byte+1[0..7]=TTTTTTTT	byte+2[0..7]=TTTTTTTT
tag49	Line	byte+1[0..7]=TTTTTTTT	byte+2[0..7]=TTTTTTTT
tag49	Total	byte+1[0..7]=TTTTTTTT	byte+2[0..7]=TTTTTTTT
tag49	TopSolo	byte+1[0..7]=..T..TTT	byte+2[0..7]=........
tag49	JungleOnly	byte+1[0..7]=........	byte+2[0..7]=........
tag50	None	byte+1[0..7]=TTTTTTTT	byte+2[0..7]=TTTTTTTT
tag50	Line	byte+1[0..7]=TTTTTTTT	byte+2[0..7]=TTTTTTTT
tag50	Total	byte+1[0..7]=TTTTTTTT	byte+2[0..7]=TTTTTTTT
tag50	TopSolo	byte+1[0..7]=TTTTTTTT	byte+2[0..7]=T..TTTTT
tag50	JungleOnly	byte+1[0..7]=........	byte+2[0..7]=........
tag55	None	byte+1[0..7]=TTTTTTTT	byte+2[0..7]=TTTTTTTT
tag55	Line	byte+1[0..7]=TTTTTTTT	byte+2[0..7]=TTTTTTTT
tag55	Total	byte+1[0..7]=TTTTTTTT	byte+2[0..7]=TTTTTTTT
tag55	TopSolo	byte+1[0..7]=TTTTTTTT	byte+2[0..7]=T..TTTTT
tag55	JungleOnly	byte+1[0..7]=........	byte+2[0..7]=...TTTTT

DONE
